
  .   ____          _            __ _ _
 /\\ / ___'_ __ _ _(_)_ __  __ _ \ \ \ \
( ( )\___ | '_ | '_| | '_ \/ _` | \ \ \ \
 \\/  ___)| |_)| | | | | || (_| |  ) ) ) )
  '  |____| .__|_| |_|_| |_\__, | / / / /
 =========|_|==============|___/=/_/_/_/

 :: Spring Boot ::               (v3.5.13)

2026-07-27T17:08:22.548+08:00  INFO 44490 --- [media-task-platform-java] [           main] c.r.m.repair.RepairWorkflowControllerIT  : Starting RepairWorkflowControllerIT using Java 21.0.10 with PID 44490 (started by GRT in /home/GRT/work/grt_work/media-task-platform-java)
2026-07-27T17:08:22.550+08:00  INFO 44490 --- [media-task-platform-java] [           main] c.r.m.repair.RepairWorkflowControllerIT  : No active profile set, falling back to 1 default profile: "default"
2026-07-27T17:08:23.972+08:00  INFO 44490 --- [media-task-platform-java] [           main] o.s.b.w.embedded.tomcat.TomcatWebServer  : Tomcat initialized with port 0 (http)
2026-07-27T17:08:23.998+08:00  INFO 44490 --- [media-task-platform-java] [           main] o.apache.catalina.core.StandardService   : Starting service [Tomcat]
2026-07-27T17:08:24.000+08:00  INFO 44490 --- [media-task-platform-java] [           main] o.apache.catalina.core.StandardEngine    : Starting Servlet engine: [Apache Tomcat/10.1.53]
2026-07-27T17:08:24.052+08:00  INFO 44490 --- [media-task-platform-java] [           main] o.a.c.c.C.[Tomcat].[localhost].[/]       : Initializing Spring embedded WebApplicationContext
2026-07-27T17:08:24.053+08:00  INFO 44490 --- [media-task-platform-java] [           main] w.s.c.ServletWebServerApplicationContext : Root WebApplicationContext: initialization completed in 1486 ms
2026-07-27T17:08:24.335+08:00  WARN 44490 --- [media-task-platform-java] [           main] .s.s.UserDetailsServiceAutoConfiguration :

Using generated security password: 897f5eea-be6e-4e44-9379-f21a8aed3e9a

This generated password is for development use only. Your security configuration must be updated before running your application in production.

2026-07-27T17:08:24.342+08:00  INFO 44490 --- [media-task-platform-java] [           main] r$InitializeUserDetailsManagerConfigurer : Global AuthenticationManager configured with UserDetailsService bean with name inMemoryUserDetailsManager
2026-07-27T17:08:24.909+08:00  INFO 44490 --- [media-task-platform-java] [           main] o.s.b.a.e.web.EndpointLinksResolver      : Exposing 2 endpoints beneath base path '/actuator'
2026-07-27T17:08:25.160+08:00  INFO 44490 --- [media-task-platform-java] [           main] o.s.b.w.embedded.tomcat.TomcatWebServer  : Tomcat started on port 34479 (http) with context path '/'
2026-07-27T17:08:25.184+08:00  INFO 44490 --- [media-task-platform-java] [           main] c.r.m.repair.RepairWorkflowControllerIT  : Started RepairWorkflowControllerIT in 2.953 seconds (process running for 3.827)
2026-07-27T17:08:26.040+08:00  INFO 44490 --- [media-task-platform-java] [o-auto-1-exec-1] o.a.c.c.C.[Tomcat].[localhost].[/]       : Initializing Spring DispatcherServlet 'dispatcherServlet'
2026-07-27T17:08:26.040+08:00  INFO 44490 --- [media-task-platform-java] [o-auto-1-exec-1] o.s.web.servlet.DispatcherServlet        : Initializing Servlet 'dispatcherServlet'
2026-07-27T17:08:26.041+08:00  INFO 44490 --- [media-task-platform-java] [o-auto-1-exec-1] o.s.web.servlet.DispatcherServlet        : Completed initialization in 1 ms
