
  .   ____          _            __ _ _
 /\\ / ___'_ __ _ _(_)_ __  __ _ \ \ \ \
( ( )\___ | '_ | '_| | '_ \/ _` | \ \ \ \
 \\/  ___)| |_)| | | | | || (_| |  ) ) ) )
  '  |____| .__|_| |_|_| |_\__, | / / / /
 =========|_|==============|___/=/_/_/_/

 :: Spring Boot ::               (v3.5.13)

2026-07-28T11:30:40.270+08:00  INFO 91669 --- [media-task-platform-java] [           main] c.r.m.demo.DemoJobFailureControllerIT    : Starting DemoJobFailureControllerIT using Java 21.0.10 with PID 91669 (started by GRT in /home/GRT/work/grt_work/media-task-platform-java)
2026-07-28T11:30:40.273+08:00  INFO 91669 --- [media-task-platform-java] [           main] c.r.m.demo.DemoJobFailureControllerIT    : The following 1 profile is active: "demo-job-it"
2026-07-28T11:30:41.595+08:00  INFO 91669 --- [media-task-platform-java] [           main] o.s.b.w.embedded.tomcat.TomcatWebServer  : Tomcat initialized with port 0 (http)
2026-07-28T11:30:41.609+08:00  INFO 91669 --- [media-task-platform-java] [           main] o.apache.catalina.core.StandardService   : Starting service [Tomcat]
2026-07-28T11:30:41.611+08:00  INFO 91669 --- [media-task-platform-java] [           main] o.apache.catalina.core.StandardEngine    : Starting Servlet engine: [Apache Tomcat/10.1.53]
2026-07-28T11:30:41.658+08:00  INFO 91669 --- [media-task-platform-java] [           main] o.a.c.c.C.[Tomcat].[localhost].[/]       : Initializing Spring embedded WebApplicationContext
2026-07-28T11:30:41.659+08:00  INFO 91669 --- [media-task-platform-java] [           main] w.s.c.ServletWebServerApplicationContext : Root WebApplicationContext: initialization completed in 1367 ms
2026-07-28T11:30:42.038+08:00  WARN 91669 --- [media-task-platform-java] [           main] .s.s.UserDetailsServiceAutoConfiguration :

Using generated security password: c414f7aa-efaa-459a-8bd3-c3a7efca3821

This generated password is for development use only. Your security configuration must be updated before running your application in production.

2026-07-28T11:30:42.045+08:00  INFO 91669 --- [media-task-platform-java] [           main] r$InitializeUserDetailsManagerConfigurer : Global AuthenticationManager configured with UserDetailsService bean with name inMemoryUserDetailsManager
2026-07-28T11:30:42.590+08:00  INFO 91669 --- [media-task-platform-java] [           main] o.s.b.a.e.web.EndpointLinksResolver      : Exposing 2 endpoints beneath base path '/actuator'
2026-07-28T11:30:42.808+08:00  INFO 91669 --- [media-task-platform-java] [           main] o.s.b.w.embedded.tomcat.TomcatWebServer  : Tomcat started on port 34517 (http) with context path '/'
2026-07-28T11:30:42.822+08:00  INFO 91669 --- [media-task-platform-java] [           main] c.r.m.demo.DemoJobFailureControllerIT    : Started DemoJobFailureControllerIT in 2.871 seconds (process running for 4.063)
Mockito is currently self-attaching to enable the inline-mock-maker. This will no longer work in future releases of the JDK. Please add Mockito as an agent to your build as described in Mockito's documentation: https://javadoc.io/doc/org.mockito/mockito-core/latest/org.mockito/org/mockito/Mockito.html#0.3
OpenJDK 64-Bit Server VM warning: Sharing is only supported for boot loader classes because bootstrap classpath has been appended
WARNING: A Java agent has been loaded dynamically (/home/GRT/.m2/repository/net/bytebuddy/byte-buddy-agent/1.17.8/byte-buddy-agent-1.17.8.jar)
WARNING: If a serviceability tool is in use, please run with -XX:+EnableDynamicAgentLoading to hide this warning
WARNING: If a serviceability tool is not in use, please run with -Djdk.instrument.traceUsage for more information
WARNING: Dynamic loading of agents will be disallowed by default in a future release
2026-07-28T11:30:43.571+08:00  INFO 91669 --- [media-task-platform-java] [o-auto-1-exec-1] o.a.c.c.C.[Tomcat].[localhost].[/]       : Initializing Spring DispatcherServlet 'dispatcherServlet'
2026-07-28T11:30:43.572+08:00  INFO 91669 --- [media-task-platform-java] [o-auto-1-exec-1] o.s.web.servlet.DispatcherServlet        : Initializing Servlet 'dispatcherServlet'
2026-07-28T11:30:43.573+08:00  INFO 91669 --- [media-task-platform-java] [o-auto-1-exec-1] o.s.web.servlet.DispatcherServlet        : Completed initialization in 1 ms

  .   ____          _            __ _ _
 /\\ / ___'_ __ _ _(_)_ __  __ _ \ \ \ \
( ( )\___ | '_ | '_| | '_ \/ _` | \ \ \ \
 \\/  ___)| |_)| | | | | || (_| |  ) ) ) )
  '  |____| .__|_| |_|_| |_\__, | / / / /
 =========|_|==============|___/=/_/_/_/

 :: Spring Boot ::               (v3.5.13)

2026-07-28T11:30:48.881+08:00  INFO 91669 --- [media-task-platform-java] [           main] c.ryan.media.demo.DemoJobControllerIT    : Starting DemoJobControllerIT using Java 21.0.10 with PID 91669 (started by GRT in /home/GRT/work/grt_work/media-task-platform-java)
2026-07-28T11:30:48.881+08:00  INFO 91669 --- [media-task-platform-java] [           main] c.ryan.media.demo.DemoJobControllerIT    : The following 1 profile is active: "demo-job-it"
2026-07-28T11:30:49.183+08:00  INFO 91669 --- [media-task-platform-java] [           main] o.s.b.w.embedded.tomcat.TomcatWebServer  : Tomcat initialized with port 0 (http)
2026-07-28T11:30:49.184+08:00  INFO 91669 --- [media-task-platform-java] [           main] o.apache.catalina.core.StandardService   : Starting service [Tomcat]
2026-07-28T11:30:49.185+08:00  INFO 91669 --- [media-task-platform-java] [           main] o.apache.catalina.core.StandardEngine    : Starting Servlet engine: [Apache Tomcat/10.1.53]
2026-07-28T11:30:49.195+08:00  INFO 91669 --- [media-task-platform-java] [           main] o.a.c.c.C.[Tomcat-1].[localhost].[/]     : Initializing Spring embedded WebApplicationContext
2026-07-28T11:30:49.195+08:00  INFO 91669 --- [media-task-platform-java] [           main] w.s.c.ServletWebServerApplicationContext : Root WebApplicationContext: initialization completed in 311 ms
2026-07-28T11:30:49.303+08:00  WARN 91669 --- [media-task-platform-java] [           main] .s.s.UserDetailsServiceAutoConfiguration :

Using generated security password: 4a9ed781-341d-431b-a2bd-8949182fc02e

This generated password is for development use only. Your security configuration must be updated before running your application in production.

2026-07-28T11:30:49.304+08:00  INFO 91669 --- [media-task-platform-java] [           main] r$InitializeUserDetailsManagerConfigurer : Global AuthenticationManager configured with UserDetailsService bean with name inMemoryUserDetailsManager
2026-07-28T11:30:49.396+08:00  INFO 91669 --- [media-task-platform-java] [           main] o.s.b.a.e.web.EndpointLinksResolver      : Exposing 2 endpoints beneath base path '/actuator'
2026-07-28T11:30:49.419+08:00  INFO 91669 --- [media-task-platform-java] [           main] o.s.b.w.embedded.tomcat.TomcatWebServer  : Tomcat started on port 43621 (http) with context path '/'
2026-07-28T11:30:49.424+08:00  INFO 91669 --- [media-task-platform-java] [           main] c.ryan.media.demo.DemoJobControllerIT    : Started DemoJobControllerIT in 0.582 seconds (process running for 10.666)
2026-07-28T11:30:49.436+08:00  INFO 91669 --- [media-task-platform-java] [o-auto-2-exec-1] o.a.c.c.C.[Tomcat-1].[localhost].[/]     : Initializing Spring DispatcherServlet 'dispatcherServlet'
2026-07-28T11:30:49.436+08:00  INFO 91669 --- [media-task-platform-java] [o-auto-2-exec-1] o.s.web.servlet.DispatcherServlet        : Initializing Servlet 'dispatcherServlet'
2026-07-28T11:30:49.437+08:00  INFO 91669 --- [media-task-platform-java] [o-auto-2-exec-1] o.s.web.servlet.DispatcherServlet        : Completed initialization in 1 ms
