nohup: 忽略输入
[INFO] Scanning for projects...
[INFO] 
[INFO] --------------< com.ryan.media:media-task-platform-java >---------------
[INFO] Building media-task-platform-java 0.0.1-SNAPSHOT
[INFO]   from pom.xml
[INFO] --------------------------------[ jar ]---------------------------------
[INFO] 
[INFO] >>> spring-boot:3.5.13:test-run (default-cli) > test-compile @ media-task-platform-java >>>
[INFO] 
[INFO] --- resources:3.3.1:resources (default-resources) @ media-task-platform-java ---
[INFO] Copying 3 resources from src/main/resources to target/classes
[INFO] Copying 13 resources from src/main/resources to target/classes
[INFO] 
[INFO] --- compiler:3.14.1:compile (default-compile) @ media-task-platform-java ---
[INFO] Nothing to compile - all classes are up to date.
[INFO] 
[INFO] --- resources:3.3.1:testResources (default-testResources) @ media-task-platform-java ---
[INFO] Copying 3 resources from src/test/resources to target/test-classes
[INFO] 
[INFO] --- compiler:3.14.1:testCompile (default-testCompile) @ media-task-platform-java ---
[INFO] Nothing to compile - all classes are up to date.
[INFO] 
[INFO] <<< spring-boot:3.5.13:test-run (default-cli) < test-compile @ media-task-platform-java <<<
[INFO] 
[INFO] 
[INFO] --- spring-boot:3.5.13:test-run (default-cli) @ media-task-platform-java ---
[INFO] Attaching agents: []

  .   ____          _            __ _ _
 /\\ / ___'_ __ _ _(_)_ __  __ _ \ \ \ \
( ( )\___ | '_ | '_| | '_ \/ _` | \ \ \ \
 \\/  ___)| |_)| | | | | || (_| |  ) ) ) )
  '  |____| .__|_| |_|_| |_\__, | / / / /
 =========|_|==============|___/=/_/_/_/

 :: Spring Boot ::               (v3.5.13)

2026-07-12T23:47:04.114+08:00  INFO 206315 --- [media-task-platform-java] [           main] .r.m.w.l.W18TaskLifecycleLiveApplication : Starting W18TaskLifecycleLiveApplication using Java 21.0.10 with PID 206315 (/home/GRT/work/grt_work/media-task-platform-java/target/test-classes started by GRT in /home/GRT/work/grt_work/media-task-platform-java)
2026-07-12T23:47:04.116+08:00  INFO 206315 --- [media-task-platform-java] [           main] .r.m.w.l.W18TaskLifecycleLiveApplication : No active profile set, falling back to 1 default profile: "default"
2026-07-12T23:47:05.266+08:00  INFO 206315 --- [media-task-platform-java] [           main] o.s.b.w.embedded.tomcat.TomcatWebServer  : Tomcat initialized with port 18081 (http)
2026-07-12T23:47:05.286+08:00  INFO 206315 --- [media-task-platform-java] [           main] o.apache.catalina.core.StandardService   : Starting service [Tomcat]
2026-07-12T23:47:05.287+08:00  INFO 206315 --- [media-task-platform-java] [           main] o.apache.catalina.core.StandardEngine    : Starting Servlet engine: [Apache Tomcat/10.1.53]
2026-07-12T23:47:05.333+08:00  INFO 206315 --- [media-task-platform-java] [           main] o.a.c.c.C.[Tomcat].[localhost].[/]       : Initializing Spring embedded WebApplicationContext
2026-07-12T23:47:05.334+08:00  INFO 206315 --- [media-task-platform-java] [           main] w.s.c.ServletWebServerApplicationContext : Root WebApplicationContext: initialization completed in 1181 ms
2026-07-12T23:47:05.968+08:00  INFO 206315 --- [media-task-platform-java] [           main] o.s.b.a.e.web.EndpointLinksResolver      : Exposing 2 endpoints beneath base path '/actuator'
2026-07-12T23:47:06.042+08:00  INFO 206315 --- [media-task-platform-java] [           main] o.s.b.w.embedded.tomcat.TomcatWebServer  : Tomcat started on port 18081 (http) with context path '/'
2026-07-12T23:47:06.057+08:00  INFO 206315 --- [media-task-platform-java] [           main] .r.m.w.l.W18TaskLifecycleLiveApplication : Started W18TaskLifecycleLiveApplication in 2.389 seconds (process running for 2.64)
2026-07-12T23:47:11.167+08:00  INFO 206315 --- [media-task-platform-java] [.0-18081-exec-1] o.a.c.c.C.[Tomcat].[localhost].[/]       : Initializing Spring DispatcherServlet 'dispatcherServlet'
2026-07-12T23:47:11.167+08:00  INFO 206315 --- [media-task-platform-java] [.0-18081-exec-1] o.s.web.servlet.DispatcherServlet        : Initializing Servlet 'dispatcherServlet'
2026-07-12T23:47:11.168+08:00  INFO 206315 --- [media-task-platform-java] [.0-18081-exec-1] o.s.web.servlet.DispatcherServlet        : Completed initialization in 1 ms
2026-07-14T20:23:42.268+08:00  INFO 206315 --- [media-task-platform-java] [ionShutdownHook] o.s.b.w.e.tomcat.GracefulShutdown        : Commencing graceful shutdown. Waiting for active requests to complete
2026-07-14T20:23:42.274+08:00  INFO 206315 --- [media-task-platform-java] [tomcat-shutdown] o.s.b.w.e.tomcat.GracefulShutdown        : Graceful shutdown complete
