[INFO] Scanning for projects...
[INFO] 
[INFO] --------------< com.ryan.media:media-task-platform-java >---------------
[INFO] Building media-task-platform-java 0.0.1-SNAPSHOT
[INFO]   from pom.xml
[INFO] --------------------------------[ jar ]---------------------------------
[INFO] 
[INFO] --- resources:3.3.1:resources (default-resources) @ media-task-platform-java ---
[INFO] Copying 2 resources from src/main/resources to target/classes
[INFO] Copying 5 resources from src/main/resources to target/classes
[INFO] 
[INFO] --- compiler:3.14.1:compile (default-compile) @ media-task-platform-java ---
[INFO] Nothing to compile - all classes are up to date.
[INFO] 
[INFO] --- resources:3.3.1:testResources (default-testResources) @ media-task-platform-java ---
[INFO] Copying 3 resources from src/test/resources to target/test-classes
[INFO] 
[INFO] --- compiler:3.14.1:testCompile (default-testCompile) @ media-task-platform-java ---
[INFO] Nothing to compile - all classes are up to date.
[INFO] 
[INFO] --- surefire:3.5.5:test (default-test) @ media-task-platform-java ---
[INFO] Using auto detected provider org.apache.maven.surefire.junitplatform.JUnitPlatformProvider
[INFO] 
[INFO] -------------------------------------------------------
[INFO]  T E S T S
[INFO] -------------------------------------------------------
[INFO] Running com.ryan.media.controller.Week17DemoReleaseHandoffControllerIT
10:48:06.400 [main] INFO org.springframework.test.context.support.AnnotationConfigContextLoaderUtils -- Could not detect default configuration classes for test class [com.ryan.media.controller.Week17DemoReleaseHandoffControllerIT]: Week17DemoReleaseHandoffControllerIT does not declare any static, non-private, non-final, nested classes annotated with @Configuration.
10:48:06.606 [main] INFO org.springframework.boot.test.context.SpringBootTestContextBootstrapper -- Found @SpringBootConfiguration com.ryan.media.MediaTaskApplication for test class com.ryan.media.controller.Week17DemoReleaseHandoffControllerIT

  .   ____          _            __ _ _
 /\\ / ___'_ __ _ _(_)_ __  __ _ \ \ \ \
( ( )\___ | '_ | '_| | '_ \/ _` | \ \ \ \
 \\/  ___)| |_)| | | | | || (_| |  ) ) ) )
  '  |____| .__|_| |_|_| |_\__, | / / / /
 =========|_|==============|___/=/_/_/_/

 :: Spring Boot ::               (v3.5.13)

2026-07-03T10:48:07.005+08:00  INFO 258982 --- [media-task-platform-java] [           main] m.c.Week17DemoReleaseHandoffControllerIT : Starting Week17DemoReleaseHandoffControllerIT using Java 21.0.10 with PID 258982 (started by GRT in /home/GRT/work/media-task-platform-java)
2026-07-03T10:48:07.007+08:00  INFO 258982 --- [media-task-platform-java] [           main] m.c.Week17DemoReleaseHandoffControllerIT : No active profile set, falling back to 1 default profile: "default"
2026-07-03T10:48:08.008+08:00  INFO 258982 --- [media-task-platform-java] [           main] .s.d.r.c.RepositoryConfigurationDelegate : Multiple Spring Data modules found, entering strict repository configuration mode
2026-07-03T10:48:08.011+08:00  INFO 258982 --- [media-task-platform-java] [           main] .s.d.r.c.RepositoryConfigurationDelegate : Bootstrapping Spring Data Redis repositories in DEFAULT mode.
2026-07-03T10:48:08.043+08:00  INFO 258982 --- [media-task-platform-java] [           main] .s.d.r.c.RepositoryConfigurationDelegate : Finished Spring Data repository scanning in 16 ms. Found 0 Redis repository interfaces.
2026-07-03T10:48:08.659+08:00  INFO 258982 --- [media-task-platform-java] [           main] o.s.b.w.embedded.tomcat.TomcatWebServer  : Tomcat initialized with port 0 (http)
2026-07-03T10:48:08.676+08:00  INFO 258982 --- [media-task-platform-java] [           main] o.apache.catalina.core.StandardService   : Starting service [Tomcat]
2026-07-03T10:48:08.677+08:00  INFO 258982 --- [media-task-platform-java] [           main] o.apache.catalina.core.StandardEngine    : Starting Servlet engine: [Apache Tomcat/10.1.53]
2026-07-03T10:48:08.725+08:00  INFO 258982 --- [media-task-platform-java] [           main] o.a.c.c.C.[Tomcat].[localhost].[/]       : Initializing Spring embedded WebApplicationContext
2026-07-03T10:48:08.726+08:00  INFO 258982 --- [media-task-platform-java] [           main] w.s.c.ServletWebServerApplicationContext : Root WebApplicationContext: initialization completed in 1703 ms
2026-07-03T10:48:09.107+08:00  INFO 258982 --- [media-task-platform-java] [           main] com.zaxxer.hikari.HikariDataSource       : HikariPool-1 - Starting...
2026-07-03T10:48:09.266+08:00  INFO 258982 --- [media-task-platform-java] [           main] com.zaxxer.hikari.pool.HikariPool        : HikariPool-1 - Added connection conn0: url=jdbc:h2:mem:5e197fc6-7f5d-41de-87d0-e335c7fa156b user=SA
2026-07-03T10:48:09.268+08:00  INFO 258982 --- [media-task-platform-java] [           main] com.zaxxer.hikari.HikariDataSource       : HikariPool-1 - Start completed.
2026-07-03T10:48:09.315+08:00  INFO 258982 --- [media-task-platform-java] [           main] org.flywaydb.core.FlywayExecutor         : Database: jdbc:h2:mem:5e197fc6-7f5d-41de-87d0-e335c7fa156b (H2 2.3)
2026-07-03T10:48:09.350+08:00  INFO 258982 --- [media-task-platform-java] [           main] o.f.c.i.s.JdbcTableSchemaHistory         : Schema history table "PUBLIC"."flyway_schema_history" does not exist yet
2026-07-03T10:48:09.354+08:00  INFO 258982 --- [media-task-platform-java] [           main] o.f.core.internal.command.DbValidate     : Successfully validated 2 migrations (execution time 00:00.014s)
2026-07-03T10:48:09.361+08:00  INFO 258982 --- [media-task-platform-java] [           main] o.f.c.i.s.JdbcTableSchemaHistory         : Creating Schema History table "PUBLIC"."flyway_schema_history" ...
2026-07-03T10:48:09.404+08:00  INFO 258982 --- [media-task-platform-java] [           main] o.f.core.internal.command.DbMigrate      : Current version of schema "PUBLIC": << Empty Schema >>
2026-07-03T10:48:09.415+08:00  INFO 258982 --- [media-task-platform-java] [           main] o.f.core.internal.command.DbMigrate      : Migrating schema "PUBLIC" to version "1 - init"
2026-07-03T10:48:09.435+08:00  INFO 258982 --- [media-task-platform-java] [           main] o.f.core.internal.command.DbMigrate      : Migrating schema "PUBLIC" to version "2 - indexes"
2026-07-03T10:48:09.449+08:00  INFO 258982 --- [media-task-platform-java] [           main] o.f.core.internal.command.DbMigrate      : Successfully applied 2 migrations to schema "PUBLIC", now at version v2 (execution time 00:00.012s)
2026-07-03T10:48:10.098+08:00  INFO 258982 --- [media-task-platform-java] [           main] o.s.b.a.e.web.EndpointLinksResolver      : Exposing 2 endpoints beneath base path '/actuator'
2026-07-03T10:48:10.128+08:00  WARN 258982 --- [media-task-platform-java] [           main] .s.s.UserDetailsServiceAutoConfiguration : 

Using generated security password: 23b1fa7e-6509-4d55-9fc2-8497484cb319

This generated password is for development use only. Your security configuration must be updated before running your application in production.

2026-07-03T10:48:10.135+08:00  INFO 258982 --- [media-task-platform-java] [           main] r$InitializeUserDetailsManagerConfigurer : Global AuthenticationManager configured with UserDetailsService bean with name inMemoryUserDetailsManager
2026-07-03T10:48:10.756+08:00  INFO 258982 --- [media-task-platform-java] [           main] o.s.b.w.embedded.tomcat.TomcatWebServer  : Tomcat started on port 37563 (http) with context path '/'
2026-07-03T10:48:10.770+08:00  INFO 258982 --- [media-task-platform-java] [           main] m.c.Week17DemoReleaseHandoffControllerIT : Started Week17DemoReleaseHandoffControllerIT in 4.046 seconds (process running for 5.007)
2026-07-03T10:48:11.552+08:00  INFO 258982 --- [media-task-platform-java] [o-auto-1-exec-1] o.a.c.c.C.[Tomcat].[localhost].[/]       : Initializing Spring DispatcherServlet 'dispatcherServlet'
2026-07-03T10:48:11.553+08:00  INFO 258982 --- [media-task-platform-java] [o-auto-1-exec-1] o.s.web.servlet.DispatcherServlet        : Initializing Servlet 'dispatcherServlet'
2026-07-03T10:48:11.554+08:00  INFO 258982 --- [media-task-platform-java] [o-auto-1-exec-1] o.s.web.servlet.DispatcherServlet        : Completed initialization in 1 ms
[INFO] Tests run: 1, Failures: 0, Errors: 0, Skipped: 0, Time elapsed: 5.452 s -- in com.ryan.media.controller.Week17DemoReleaseHandoffControllerIT
[INFO] 
[INFO] Results:
[INFO] 
[INFO] Tests run: 1, Failures: 0, Errors: 0, Skipped: 0
[INFO] 
[INFO] ------------------------------------------------------------------------
[INFO] BUILD SUCCESS
[INFO] ------------------------------------------------------------------------
[INFO] Total time:  7.800 s
[INFO] Finished at: 2026-07-03T10:48:12+08:00
[INFO] ------------------------------------------------------------------------
